{
  "selection": [
    {
      "path": "async/async.d.ts",
      "key": "async/async.d.ts-6cfdabc5b280210fab2c3ccf834c8289e05c619e",
      "solved": false,
      "blobSha": null,
      "commit": {
        "commitSha": "6cfdabc5b280210fab2c3ccf834c8289e05c619e",
        "hubAuthor": {
          "id": 7348032,
          "login": "rogierschouten",
          "avatar_url": "https://avatars.githubusercontent.com/u/7348032?"
        },
        "hubCommitter": {
          "id": 7348032,
          "login": "rogierschouten",
          "avatar_url": "https://avatars.githubusercontent.com/u/7348032?"
        },
        "gitAuthor": {
          "name": "Rogier Schouten",
          "email": "rogier.schouten@gmail.com",
          "date": "2014-06-06T13:05:04.000Z"
        },
        "gitCommitter": {
          "name": "Rogier Schouten",
          "email": "rogier.schouten@gmail.com",
          "date": "2014-06-06T13:05:04.000Z"
        }
      },
      "dependencies": []
    }
  ],
  "definitions": [
    {
      "path": "async/async.d.ts",
      "project": "async",
      "name": "async",
      "semver": null,
      "label": "async/async",
      "isMain": true,
      "isLegacy": false,
      "head": {
        "path": "async/async.d.ts",
        "key": "async/async.d.ts-0545e0567d242abcd295a63babb86c88e7d9911d",
        "solved": false,
        "blobSha": "25736941fe8de2b32cd354004c3737892b74acf4",
        "commit": {
          "commitSha": "0545e0567d242abcd295a63babb86c88e7d9911d",
          "hubAuthor": {
            "id": 874898,
            "login": "basarat",
            "avatar_url": "https://avatars.githubusercontent.com/u/874898?"
          },
          "hubCommitter": {
            "id": 874898,
            "login": "basarat",
            "avatar_url": "https://avatars.githubusercontent.com/u/874898?"
          },
          "gitAuthor": {
            "name": "Basarat Ali Syed",
            "email": "basaratali@gmail.com",
            "date": "2014-06-21T03:48:54.000Z"
          },
          "gitCommitter": {
            "name": "Basarat Ali Syed",
            "email": "basaratali@gmail.com",
            "date": "2014-06-21T03:48:54.000Z"
          }
        },
        "dependencies": []
      },
      "history": [
        {
          "path": "async/async.d.ts",
          "key": "async/async.d.ts-6cfdabc5b280210fab2c3ccf834c8289e05c619e",
          "solved": false,
          "blobSha": null,
          "commit": {
            "commitSha": "6cfdabc5b280210fab2c3ccf834c8289e05c619e",
            "hubAuthor": {
              "id": 7348032,
              "login": "rogierschouten",
              "avatar_url": "https://avatars.githubusercontent.com/u/7348032?"
            },
            "hubCommitter": {
              "id": 7348032,
              "login": "rogierschouten",
              "avatar_url": "https://avatars.githubusercontent.com/u/7348032?"
            },
            "gitAuthor": {
              "name": "Rogier Schouten",
              "email": "rogier.schouten@gmail.com",
              "date": "2014-06-06T13:05:04.000Z"
            },
            "gitCommitter": {
              "name": "Rogier Schouten",
              "email": "rogier.schouten@gmail.com",
              "date": "2014-06-06T13:05:04.000Z"
            }
          },
          "dependencies": []
        }
      ]
    }
  ]
}