{
  "selection": [
    {
      "path": "async/async.d.ts",
      "key": "async/async.d.ts-e9be9177f6ef097329e080c70010f81dab08bf4d",
      "solved": false,
      "commit": {
        "commitSha": "e9be9177f6ef097329e080c70010f81dab08bf4d"
      },
      "dependencies": []
    }
  ],
  "definitions": [
    {
      "path": "async/async.d.ts",
      "project": "async",
      "name": "async",
      "head": {
        "path": "async/async.d.ts",
        "key": "async/async.d.ts-e9be9177f6ef097329e080c70010f81dab08bf4d",
        "solved": false
      },
      "history": []
    }
  ]
}