{
  "written": {
    "chai/chai.d.ts": {
      "path": "chai/chai.d.ts",
      "key": "chai/chai.d.ts-e9be9177f6ef097329e080c70010f81dab08bf4d",
      "solved": true,
      "commit": {
        "commitSha": "e9be9177f6ef097329e080c70010f81dab08bf4d"
      },
      "blobSha": "d840aba964868f620e81f060261b2bf1f525e899",
      "dependencies": []
    }
  },
  "removed": {},
  "skipped": {}
}