{
  "version": "v4",
  "repo": "borisyankov/DefinitelyTyped",
  "ref": "master",
  "path": "typings",
  "bundle": "typings/tsd.d.ts",
  "installed": {
    "chai/chai.d.ts": {
      "commit": "e9be9177f6ef097329e080c70010f81dab08bf4d"
    }
  }
}
