{
  "selection": [
    {
      "path": "bootstrap/bootstrap.d.ts",
      "key": "bootstrap/bootstrap.d.ts-0545e0567d242abcd295a63babb86c88e7d9911d",
      "solved": true,
      "blobSha": "b9fe9cd59728baa3934a454c7bd979a46270b0bd",
      "commit": {
        "commitSha": "0545e0567d242abcd295a63babb86c88e7d9911d",
        "hubAuthor": {
          "id": 874898,
          "login": "basarat",
          "avatar_url": "https://avatars.githubusercontent.com/u/874898?"
        },
        "hubCommitter": {
          "id": 874898,
          "login": "basarat",
          "avatar_url": "https://avatars.githubusercontent.com/u/874898?"
        },
        "gitAuthor": {
          "name": "Basarat Ali Syed",
          "email": "basaratali@gmail.com",
          "date": "2014-06-21T03:48:54.000Z"
        },
        "gitCommitter": {
          "name": "Basarat Ali Syed",
          "email": "basaratali@gmail.com",
          "date": "2014-06-21T03:48:54.000Z"
        }
      },
      "dependencies": [
        {
          "path": "jquery/jquery.d.ts",
          "project": "jquery",
          "name": "jquery",
          "semver": null,
          "label": "jquery/jquery",
          "isMain": true,
          "isLegacy": false,
          "head": {
            "path": "jquery/jquery.d.ts",
            "key": "jquery/jquery.d.ts-0545e0567d242abcd295a63babb86c88e7d9911d",
            "solved": true,
            "blobSha": "6b4ebb68ae3a62d4ce4b57b9745fa3ea900067a5",
            "commit": {
              "commitSha": "0545e0567d242abcd295a63babb86c88e7d9911d",
              "hubAuthor": {
                "id": 874898,
                "login": "basarat",
                "avatar_url": "https://avatars.githubusercontent.com/u/874898?"
              },
              "hubCommitter": {
                "id": 874898,
                "login": "basarat",
                "avatar_url": "https://avatars.githubusercontent.com/u/874898?"
              },
              "gitAuthor": {
                "name": "Basarat Ali Syed",
                "email": "basaratali@gmail.com",
                "date": "2014-06-21T03:48:54.000Z"
              },
              "gitCommitter": {
                "name": "Basarat Ali Syed",
                "email": "basaratali@gmail.com",
                "date": "2014-06-21T03:48:54.000Z"
              }
            },
            "dependencies": []
          },
          "history": []
        }
      ]
    }
  ],
  "definitions": [
    {
      "path": "bootstrap/bootstrap.d.ts",
      "project": "bootstrap",
      "name": "bootstrap",
      "semver": null,
      "label": "bootstrap/bootstrap",
      "isMain": true,
      "isLegacy": false,
      "head": {
        "path": "bootstrap/bootstrap.d.ts",
        "key": "bootstrap/bootstrap.d.ts-0545e0567d242abcd295a63babb86c88e7d9911d",
        "solved": true,
        "blobSha": "b9fe9cd59728baa3934a454c7bd979a46270b0bd",
        "commit": {
          "commitSha": "0545e0567d242abcd295a63babb86c88e7d9911d",
          "hubAuthor": {
            "id": 874898,
            "login": "basarat",
            "avatar_url": "https://avatars.githubusercontent.com/u/874898?"
          },
          "hubCommitter": {
            "id": 874898,
            "login": "basarat",
            "avatar_url": "https://avatars.githubusercontent.com/u/874898?"
          },
          "gitAuthor": {
            "name": "Basarat Ali Syed",
            "email": "basaratali@gmail.com",
            "date": "2014-06-21T03:48:54.000Z"
          },
          "gitCommitter": {
            "name": "Basarat Ali Syed",
            "email": "basaratali@gmail.com",
            "date": "2014-06-21T03:48:54.000Z"
          }
        },
        "dependencies": [
          {
            "path": "jquery/jquery.d.ts",
            "project": "jquery",
            "name": "jquery",
            "semver": null,
            "label": "jquery/jquery",
            "isMain": true,
            "isLegacy": false,
            "head": {
              "path": "jquery/jquery.d.ts",
              "key": "jquery/jquery.d.ts-0545e0567d242abcd295a63babb86c88e7d9911d",
              "solved": true,
              "blobSha": "6b4ebb68ae3a62d4ce4b57b9745fa3ea900067a5",
              "commit": {
                "commitSha": "0545e0567d242abcd295a63babb86c88e7d9911d",
                "hubAuthor": {
                  "id": 874898,
                  "login": "basarat",
                  "avatar_url": "https://avatars.githubusercontent.com/u/874898?"
                },
                "hubCommitter": {
                  "id": 874898,
                  "login": "basarat",
                  "avatar_url": "https://avatars.githubusercontent.com/u/874898?"
                },
                "gitAuthor": {
                  "name": "Basarat Ali Syed",
                  "email": "basaratali@gmail.com",
                  "date": "2014-06-21T03:48:54.000Z"
                },
                "gitCommitter": {
                  "name": "Basarat Ali Syed",
                  "email": "basaratali@gmail.com",
                  "date": "2014-06-21T03:48:54.000Z"
                }
              },
              "dependencies": []
            },
            "history": []
          }
        ]
      },
      "history": []
    }
  ]
}