{
  "selection": [
    {
      "path": "async/async.d.ts",
      "key": "async/async.d.ts-0545e0567d242abcd295a63babb86c88e7d9911d",
      "solved": false,
      "blobSha": "25736941fe8de2b32cd354004c3737892b74acf4",
      "commit": {
        "commitSha": "0545e0567d242abcd295a63babb86c88e7d9911d",
        "hubAuthor": {
          "id": 874898,
          "login": "basarat",
          "avatar_url": "https://avatars.githubusercontent.com/u/874898?"
        },
        "hubCommitter": {
          "id": 874898,
          "login": "basarat",
          "avatar_url": "https://avatars.githubusercontent.com/u/874898?"
        },
        "gitAuthor": {
          "name": "Basarat Ali Syed",
          "email": "basaratali@gmail.com",
          "date": "2014-06-21T03:48:54.000Z"
        },
        "gitCommitter": {
          "name": "Basarat Ali Syed",
          "email": "basaratali@gmail.com",
          "date": "2014-06-21T03:48:54.000Z"
        }
      },
      "dependencies": []
    }
  ],
  "definitions": [
    {
      "path": "async/async.d.ts",
      "project": "async",
      "name": "async",
      "semver": null,
      "label": "async/async",
      "isMain": true,
      "isLegacy": false,
      "head": {
        "path": "async/async.d.ts",
        "key": "async/async.d.ts-0545e0567d242abcd295a63babb86c88e7d9911d",
        "solved": false,
        "blobSha": "25736941fe8de2b32cd354004c3737892b74acf4",
        "commit": {
          "commitSha": "0545e0567d242abcd295a63babb86c88e7d9911d",
          "hubAuthor": {
            "id": 874898,
            "login": "basarat",
            "avatar_url": "https://avatars.githubusercontent.com/u/874898?"
          },
          "hubCommitter": {
            "id": 874898,
            "login": "basarat",
            "avatar_url": "https://avatars.githubusercontent.com/u/874898?"
          },
          "gitAuthor": {
            "name": "Basarat Ali Syed",
            "email": "basaratali@gmail.com",
            "date": "2014-06-21T03:48:54.000Z"
          },
          "gitCommitter": {
            "name": "Basarat Ali Syed",
            "email": "basaratali@gmail.com",
            "date": "2014-06-21T03:48:54.000Z"
          }
        },
        "dependencies": []
      },
      "history": [
        {
          "path": "async/async.d.ts",
          "key": "async/async.d.ts-f8502147494d856626816fc14255a5615b8ef0f5",
          "solved": false,
          "blobSha": null,
          "commit": {
            "commitSha": "f8502147494d856626816fc14255a5615b8ef0f5",
            "hubAuthor": {
              "id": 287778,
              "login": "jozefizso",
              "avatar_url": "https://avatars.githubusercontent.com/u/287778?"
            },
            "hubCommitter": {
              "id": 287778,
              "login": "jozefizso",
              "avatar_url": "https://avatars.githubusercontent.com/u/287778?"
            },
            "gitAuthor": {
              "name": "Jozef Izso",
              "email": "jozef.izso@gmail.com",
              "date": "2014-06-07T09:57:20.000Z"
            },
            "gitCommitter": {
              "name": "Jozef Izso",
              "email": "jozef.izso@gmail.com",
              "date": "2014-06-07T09:57:20.000Z"
            }
          },
          "dependencies": []
        },
        {
          "path": "async/async.d.ts",
          "key": "async/async.d.ts-6cfdabc5b280210fab2c3ccf834c8289e05c619e",
          "solved": false,
          "blobSha": null,
          "commit": {
            "commitSha": "6cfdabc5b280210fab2c3ccf834c8289e05c619e",
            "hubAuthor": {
              "id": 7348032,
              "login": "rogierschouten",
              "avatar_url": "https://avatars.githubusercontent.com/u/7348032?"
            },
            "hubCommitter": {
              "id": 7348032,
              "login": "rogierschouten",
              "avatar_url": "https://avatars.githubusercontent.com/u/7348032?"
            },
            "gitAuthor": {
              "name": "Rogier Schouten",
              "email": "rogier.schouten@gmail.com",
              "date": "2014-06-06T13:05:04.000Z"
            },
            "gitCommitter": {
              "name": "Rogier Schouten",
              "email": "rogier.schouten@gmail.com",
              "date": "2014-06-06T13:05:04.000Z"
            }
          },
          "dependencies": []
        },
        {
          "path": "async/async.d.ts",
          "key": "async/async.d.ts-c054ffe0c547df45118e395061500f847734b8c5",
          "solved": false,
          "blobSha": null,
          "commit": {
            "commitSha": "c054ffe0c547df45118e395061500f847734b8c5",
            "hubAuthor": {
              "id": 7348032,
              "login": "rogierschouten",
              "avatar_url": "https://avatars.githubusercontent.com/u/7348032?"
            },
            "hubCommitter": null,
            "gitAuthor": {
              "name": "Rogier Schouten",
              "email": "rogier.schouten@gmail.com",
              "date": "2014-06-02T08:01:14.000Z"
            },
            "gitCommitter": {
              "name": "Rogier Schouten",
              "email": "r.schouten@spiritit.com",
              "date": "2014-06-02T08:01:24.000Z"
            }
          },
          "dependencies": []
        },
        {
          "path": "async/async.d.ts",
          "key": "async/async.d.ts-4085f85dc4d9333691d9484f7dda8ee78ecd374e",
          "solved": false,
          "blobSha": null,
          "commit": {
            "commitSha": "4085f85dc4d9333691d9484f7dda8ee78ecd374e",
            "hubAuthor": {
              "id": 867242,
              "login": "borisyankov",
              "avatar_url": "https://avatars.githubusercontent.com/u/867242?"
            },
            "hubCommitter": {
              "id": 867242,
              "login": "borisyankov",
              "avatar_url": "https://avatars.githubusercontent.com/u/867242?"
            },
            "gitAuthor": {
              "name": "Boris Yankov",
              "email": "borisyankov@gmail.com",
              "date": "2014-03-23T23:35:43.000Z"
            },
            "gitCommitter": {
              "name": "Boris Yankov",
              "email": "borisyankov@gmail.com",
              "date": "2014-03-23T23:35:43.000Z"
            }
          },
          "dependencies": []
        },
        {
          "path": "async/async.d.ts",
          "key": "async/async.d.ts-ee22143b5746c2a7f1f10ab8fc9bc5d00a170280",
          "solved": false,
          "blobSha": null,
          "commit": {
            "commitSha": "ee22143b5746c2a7f1f10ab8fc9bc5d00a170280",
            "hubAuthor": {
              "id": 828058,
              "login": "dasa",
              "avatar_url": "https://avatars.githubusercontent.com/u/828058?"
            },
            "hubCommitter": {
              "id": 828058,
              "login": "dasa",
              "avatar_url": "https://avatars.githubusercontent.com/u/828058?"
            },
            "gitAuthor": {
              "name": "Dasa Paddock",
              "email": "dpaddock@esri.com",
              "date": "2014-03-18T18:38:14.000Z"
            },
            "gitCommitter": {
              "name": "Dasa Paddock",
              "email": "dpaddock@esri.com",
              "date": "2014-03-18T18:38:14.000Z"
            }
          },
          "dependencies": []
        },
        {
          "path": "async/async.d.ts",
          "key": "async/async.d.ts-ca93f092ed36eabdb2c82dc3c72f231d91e140b6",
          "solved": false,
          "blobSha": null,
          "commit": {
            "commitSha": "ca93f092ed36eabdb2c82dc3c72f231d91e140b6",
            "hubAuthor": {
              "id": 416760,
              "login": "sledorze",
              "avatar_url": "https://avatars.githubusercontent.com/u/416760?"
            },
            "hubCommitter": {
              "id": 416760,
              "login": "sledorze",
              "avatar_url": "https://avatars.githubusercontent.com/u/416760?"
            },
            "gitAuthor": {
              "name": "Stéphane Le Dorze",
              "email": "stephane.ledorze@gmail.com",
              "date": "2014-03-12T22:52:30.000Z"
            },
            "gitCommitter": {
              "name": "Stéphane Le Dorze",
              "email": "stephane.ledorze@gmail.com",
              "date": "2014-03-12T22:52:30.000Z"
            }
          },
          "dependencies": []
        },
        {
          "path": "async/async.d.ts",
          "key": "async/async.d.ts-fd156f57315610eec03ff8f80901dc011f6e60cb",
          "solved": false,
          "blobSha": null,
          "commit": {
            "commitSha": "fd156f57315610eec03ff8f80901dc011f6e60cb",
            "hubAuthor": {
              "id": 416760,
              "login": "sledorze",
              "avatar_url": "https://avatars.githubusercontent.com/u/416760?"
            },
            "hubCommitter": {
              "id": 416760,
              "login": "sledorze",
              "avatar_url": "https://avatars.githubusercontent.com/u/416760?"
            },
            "gitAuthor": {
              "name": "Stéphane Le Dorze",
              "email": "stephane.ledorze@gmail.com",
              "date": "2014-03-12T22:46:36.000Z"
            },
            "gitCommitter": {
              "name": "Stéphane Le Dorze",
              "email": "stephane.ledorze@gmail.com",
              "date": "2014-03-12T22:46:36.000Z"
            }
          },
          "dependencies": []
        },
        {
          "path": "async/async.d.ts",
          "key": "async/async.d.ts-a88b93381563ae44d3d873cb854a426cf4a83bda",
          "solved": false,
          "blobSha": null,
          "commit": {
            "commitSha": "a88b93381563ae44d3d873cb854a426cf4a83bda",
            "hubAuthor": {
              "id": 72052,
              "login": "halfninja",
              "avatar_url": "https://avatars.githubusercontent.com/u/72052?"
            },
            "hubCommitter": {
              "id": 72052,
              "login": "halfninja",
              "avatar_url": "https://avatars.githubusercontent.com/u/72052?"
            },
            "gitAuthor": {
              "name": "Nick Howes",
              "email": "nick@nickhowes.co.uk",
              "date": "2013-10-21T13:04:09.000Z"
            },
            "gitCommitter": {
              "name": "Nick Howes",
              "email": "nick@nickhowes.co.uk",
              "date": "2013-10-21T13:04:09.000Z"
            }
          },
          "dependencies": []
        },
        {
          "path": "async/async.d.ts",
          "key": "async/async.d.ts-1eab71a53a7df593305bd9b8b27cb752cc045417",
          "solved": false,
          "blobSha": null,
          "commit": {
            "commitSha": "1eab71a53a7df593305bd9b8b27cb752cc045417",
            "hubAuthor": {
              "id": 2292643,
              "login": "AndrewGaspar",
              "avatar_url": "https://avatars.githubusercontent.com/u/2292643?"
            },
            "hubCommitter": {
              "id": 2292643,
              "login": "AndrewGaspar",
              "avatar_url": "https://avatars.githubusercontent.com/u/2292643?"
            },
            "gitAuthor": {
              "name": "Andrew Gaspar",
              "email": "andrew.james.gaspar@gmail.com",
              "date": "2013-08-18T08:54:59.000Z"
            },
            "gitCommitter": {
              "name": "Andrew Gaspar",
              "email": "andrew.james.gaspar@gmail.com",
              "date": "2013-08-18T08:54:59.000Z"
            }
          },
          "dependencies": []
        },
        {
          "path": "async/async.d.ts",
          "key": "async/async.d.ts-4d7a581f410d67a6e1b26bbfaa71bc5345992f1d",
          "solved": false,
          "blobSha": null,
          "commit": {
            "commitSha": "4d7a581f410d67a6e1b26bbfaa71bc5345992f1d",
            "hubAuthor": {
              "id": 4791,
              "login": "duncanmak",
              "avatar_url": "https://avatars.githubusercontent.com/u/4791?"
            },
            "hubCommitter": {
              "id": 4791,
              "login": "duncanmak",
              "avatar_url": "https://avatars.githubusercontent.com/u/4791?"
            },
            "gitAuthor": {
              "name": "Duncan Mak",
              "email": "duncan@a-chinaman.com",
              "date": "2013-06-20T04:20:23.000Z"
            },
            "gitCommitter": {
              "name": "Duncan Mak",
              "email": "duncan@a-chinaman.com",
              "date": "2013-06-20T18:22:51.000Z"
            }
          },
          "dependencies": []
        },
        {
          "path": "async/async.d.ts",
          "key": "async/async.d.ts-7efa6bbca5b63c153592fd0b9819cf6c2716ac08",
          "solved": false,
          "blobSha": null,
          "commit": {
            "commitSha": "7efa6bbca5b63c153592fd0b9819cf6c2716ac08",
            "hubAuthor": {
              "id": 4791,
              "login": "duncanmak",
              "avatar_url": "https://avatars.githubusercontent.com/u/4791?"
            },
            "hubCommitter": {
              "id": 4791,
              "login": "duncanmak",
              "avatar_url": "https://avatars.githubusercontent.com/u/4791?"
            },
            "gitAuthor": {
              "name": "Duncan Mak",
              "email": "duncan@a-chinaman.com",
              "date": "2013-06-20T04:06:27.000Z"
            },
            "gitCommitter": {
              "name": "Duncan Mak",
              "email": "duncan@a-chinaman.com",
              "date": "2013-06-20T18:22:50.000Z"
            }
          },
          "dependencies": []
        },
        {
          "path": "async/async.d.ts",
          "key": "async/async.d.ts-57c7e3c00144a6e51860e19e145dec76afaa2ca3",
          "solved": false,
          "blobSha": null,
          "commit": {
            "commitSha": "57c7e3c00144a6e51860e19e145dec76afaa2ca3",
            "hubAuthor": {
              "id": 4791,
              "login": "duncanmak",
              "avatar_url": "https://avatars.githubusercontent.com/u/4791?"
            },
            "hubCommitter": {
              "id": 4791,
              "login": "duncanmak",
              "avatar_url": "https://avatars.githubusercontent.com/u/4791?"
            },
            "gitAuthor": {
              "name": "Duncan Mak",
              "email": "duncan@a-chinaman.com",
              "date": "2013-06-19T06:13:46.000Z"
            },
            "gitCommitter": {
              "name": "Duncan Mak",
              "email": "duncan@a-chinaman.com",
              "date": "2013-06-20T18:22:46.000Z"
            }
          },
          "dependencies": []
        },
        {
          "path": "async/async.d.ts",
          "key": "async/async.d.ts-c98eebb13724b5156f12318b68fc2d875ca6e4a3",
          "solved": false,
          "blobSha": null,
          "commit": {
            "commitSha": "c98eebb13724b5156f12318b68fc2d875ca6e4a3",
            "hubAuthor": {
              "id": 867242,
              "login": "borisyankov",
              "avatar_url": "https://avatars.githubusercontent.com/u/867242?"
            },
            "hubCommitter": {
              "id": 867242,
              "login": "borisyankov",
              "avatar_url": "https://avatars.githubusercontent.com/u/867242?"
            },
            "gitAuthor": {
              "name": "Boris Yankov",
              "email": "borisyankov@gmail.com",
              "date": "2013-01-17T15:17:27.000Z"
            },
            "gitCommitter": {
              "name": "Boris Yankov",
              "email": "borisyankov@gmail.com",
              "date": "2013-01-17T15:17:27.000Z"
            }
          },
          "dependencies": []
        }
      ]
    }
  ]
}