>> main
   
   query <...pattern>         search definitions using one or more globbing patterns

       $ tsd query d3 --info --history       : view d3 info & history
       $ tsd query mocha --action install    : install mocha
       $ tsd query jquery.*/*                : search jquery plugins
       $ tsd query angular* --resolve        : list angularjs bundle

    --action <name>      -a    > run action on selection (string)
                                  [ install, browse, visit ]
    --bundle <name>      -b    > save to reference bundle (string[])
    --commit <sha1>      -c    > filter on commit hash (string)
    --date <range>       -d    > filter on commit date (string)
                                  : example: "<2012-12-31"
    --info               -i    > display definition file info (flag)
    --overwrite          -o    > overwrite existing files (flag)
    --resolve            -r    > include reference dependencies (flag)
    --save               -s    > save changes to config file (flag)
    --semver <range>     -v    > filter on version postfix (string, default: latest)
                                  : semver-range | latest | all
                                  : example: ">0.2.4"
    --history            -y    > display commit history (flag)
    --limit <num>        -l    > sanity limit for expensive API calls (int, default: 2)
                                  : 0 = unlimited
    --max <num>                > enforce a maximum amount of results (int)
                                  : 0 = unlimited
    --min <num>                > enforce a minimum amount of results (int)
   
>> support
   
   init                       create empty config file
    --overwrite          -o    > overwrite existing files (flag)
   reinstall                  re-install definitions from config
    --overwrite          -o    > overwrite existing files (flag)
    --save               -s    > save changes to config file (flag)
   update                     update definitions from config
    --overwrite          -o    > overwrite existing files (flag)
    --save               -s    > save changes to config file (flag)
   link                       link definitions from package managers
   help                       display usage help
   version                    display tsd version info
   settings                   display config settings
   purge                      clear local caches
   rate                       check github rate-limit
   
>> global options
   
    --help               -h    > display usage help (flag)
    --version            -V    > display version information (flag)
    --progress           -p    > display progress notifications (flag, default: true)
    --cacheDir <path>          > path to cache directory (string)
    --cacheMode <mode>         > change cache behaviour (string, default: allowUpdate)
                                  [ forceLocal, forceRemote, forceUpdate, allowRemote, allowUpdate ]
    --config <path>            > path to config file (string)
    --detail <level>           > modify reporting detail level (string)
                                  [ low, mid, high ]
                                  : partially implemented
    --dev                      > development mode (flag)
    --services                 > allow usage-tracker, TSD updates etc (flag, default: true)
    --style <name>             > specify CLI style (string, default: no)
                                  [ no, plain, ansi, html, css, dev ]
    --verbose                  > verbose output (flag)
