{
  "selection": [
    {
      "path": "angularjs/angular-animate.d.ts",
      "key": "angularjs/angular-animate.d.ts-e9be9177f6ef097329e080c70010f81dab08bf4d",
      "solved": false,
      "blobSha": "696e6f8349114be26ce7c14e1a48e5cc38d41606",
      "commit": {
        "commitSha": "e9be9177f6ef097329e080c70010f81dab08bf4d"
      },
      "dependencies": []
    },
    {
      "path": "angularjs/angular-cookies.d.ts",
      "key": "angularjs/angular-cookies.d.ts-e9be9177f6ef097329e080c70010f81dab08bf4d",
      "solved": false,
      "blobSha": "60eebbacb02fad10c66df953fbd7c546adb4464f",
      "commit": {
        "commitSha": "e9be9177f6ef097329e080c70010f81dab08bf4d"
      },
      "dependencies": []
    },
    {
      "path": "angularjs/angular-mocks.d.ts",
      "key": "angularjs/angular-mocks.d.ts-e9be9177f6ef097329e080c70010f81dab08bf4d",
      "solved": false,
      "blobSha": "34b534a5ebfe89d348d30aa8ac934e920971b14e",
      "commit": {
        "commitSha": "e9be9177f6ef097329e080c70010f81dab08bf4d"
      },
      "dependencies": []
    },
    {
      "path": "angularjs/angular-resource.d.ts",
      "key": "angularjs/angular-resource.d.ts-e9be9177f6ef097329e080c70010f81dab08bf4d",
      "solved": false,
      "blobSha": "51b93091fa4a35e9f933175d2a4405fe03ade83b",
      "commit": {
        "commitSha": "e9be9177f6ef097329e080c70010f81dab08bf4d"
      },
      "dependencies": []
    },
    {
      "path": "angularjs/angular-route.d.ts",
      "key": "angularjs/angular-route.d.ts-e9be9177f6ef097329e080c70010f81dab08bf4d",
      "solved": false,
      "blobSha": "4e2aa7607de3bcc3f3725560a9a93d90782c0a81",
      "commit": {
        "commitSha": "e9be9177f6ef097329e080c70010f81dab08bf4d"
      },
      "dependencies": []
    },
    {
      "path": "angularjs/angular-sanitize.d.ts",
      "key": "angularjs/angular-sanitize.d.ts-e9be9177f6ef097329e080c70010f81dab08bf4d",
      "solved": false,
      "blobSha": "a28bdb0d77cb62805903ca78cc7d02b2810e6e9f",
      "commit": {
        "commitSha": "e9be9177f6ef097329e080c70010f81dab08bf4d"
      },
      "dependencies": []
    },
    {
      "path": "angularjs/angular-scenario.d.ts",
      "key": "angularjs/angular-scenario.d.ts-e9be9177f6ef097329e080c70010f81dab08bf4d",
      "solved": false,
      "blobSha": "ec3efd9f933022c122f46315419f80c08383c4a8",
      "commit": {
        "commitSha": "e9be9177f6ef097329e080c70010f81dab08bf4d"
      },
      "dependencies": []
    },
    {
      "path": "angularjs/angular.d.ts",
      "key": "angularjs/angular.d.ts-e9be9177f6ef097329e080c70010f81dab08bf4d",
      "solved": false,
      "blobSha": "ec8c5cb5bc0ed196376bbf8601b39c667177d1ef",
      "commit": {
        "commitSha": "e9be9177f6ef097329e080c70010f81dab08bf4d"
      },
      "dependencies": []
    }
  ],
  "definitions": [
    {
      "path": "angularjs/angular-animate.d.ts",
      "project": "angularjs",
      "name": "angular-animate",
      "semver": null,
      "label": "angularjs/angular-animate",
      "isMain": true,
      "isLegacy": false,
      "head": {
        "path": "angularjs/angular-animate.d.ts",
        "key": "angularjs/angular-animate.d.ts-e9be9177f6ef097329e080c70010f81dab08bf4d",
        "solved": false,
        "blobSha": "696e6f8349114be26ce7c14e1a48e5cc38d41606"
      },
      "history": []
    },
    {
      "path": "angularjs/angular-cookies.d.ts",
      "project": "angularjs",
      "name": "angular-cookies",
      "semver": null,
      "label": "angularjs/angular-cookies",
      "isMain": true,
      "isLegacy": false,
      "head": {
        "path": "angularjs/angular-cookies.d.ts",
        "key": "angularjs/angular-cookies.d.ts-e9be9177f6ef097329e080c70010f81dab08bf4d",
        "solved": false,
        "blobSha": "60eebbacb02fad10c66df953fbd7c546adb4464f"
      },
      "history": []
    },
    {
      "path": "angularjs/angular-mocks.d.ts",
      "project": "angularjs",
      "name": "angular-mocks",
      "semver": null,
      "label": "angularjs/angular-mocks",
      "isMain": true,
      "isLegacy": false,
      "head": {
        "path": "angularjs/angular-mocks.d.ts",
        "key": "angularjs/angular-mocks.d.ts-e9be9177f6ef097329e080c70010f81dab08bf4d",
        "solved": false,
        "blobSha": "34b534a5ebfe89d348d30aa8ac934e920971b14e"
      },
      "history": []
    },
    {
      "path": "angularjs/angular-resource.d.ts",
      "project": "angularjs",
      "name": "angular-resource",
      "semver": null,
      "label": "angularjs/angular-resource",
      "isMain": true,
      "isLegacy": false,
      "head": {
        "path": "angularjs/angular-resource.d.ts",
        "key": "angularjs/angular-resource.d.ts-e9be9177f6ef097329e080c70010f81dab08bf4d",
        "solved": false,
        "blobSha": "51b93091fa4a35e9f933175d2a4405fe03ade83b"
      },
      "history": []
    },
    {
      "path": "angularjs/angular-route.d.ts",
      "project": "angularjs",
      "name": "angular-route",
      "semver": null,
      "label": "angularjs/angular-route",
      "isMain": true,
      "isLegacy": false,
      "head": {
        "path": "angularjs/angular-route.d.ts",
        "key": "angularjs/angular-route.d.ts-e9be9177f6ef097329e080c70010f81dab08bf4d",
        "solved": false,
        "blobSha": "4e2aa7607de3bcc3f3725560a9a93d90782c0a81"
      },
      "history": []
    },
    {
      "path": "angularjs/angular-sanitize.d.ts",
      "project": "angularjs",
      "name": "angular-sanitize",
      "semver": null,
      "label": "angularjs/angular-sanitize",
      "isMain": true,
      "isLegacy": false,
      "head": {
        "path": "angularjs/angular-sanitize.d.ts",
        "key": "angularjs/angular-sanitize.d.ts-e9be9177f6ef097329e080c70010f81dab08bf4d",
        "solved": false,
        "blobSha": "a28bdb0d77cb62805903ca78cc7d02b2810e6e9f"
      },
      "history": []
    },
    {
      "path": "angularjs/angular-scenario.d.ts",
      "project": "angularjs",
      "name": "angular-scenario",
      "semver": null,
      "label": "angularjs/angular-scenario",
      "isMain": true,
      "isLegacy": false,
      "head": {
        "path": "angularjs/angular-scenario.d.ts",
        "key": "angularjs/angular-scenario.d.ts-e9be9177f6ef097329e080c70010f81dab08bf4d",
        "solved": false,
        "blobSha": "ec3efd9f933022c122f46315419f80c08383c4a8"
      },
      "history": []
    },
    {
      "path": "angularjs/angular.d.ts",
      "project": "angularjs",
      "name": "angular",
      "semver": null,
      "label": "angularjs/angular",
      "isMain": true,
      "isLegacy": false,
      "head": {
        "path": "angularjs/angular.d.ts",
        "key": "angularjs/angular.d.ts-e9be9177f6ef097329e080c70010f81dab08bf4d",
        "solved": false,
        "blobSha": "ec8c5cb5bc0ed196376bbf8601b39c667177d1ef"
      },
      "history": []
    }
  ]
}