{
  "written": {
    "async/async.d.ts": {
      "path": "async/async.d.ts",
      "key": "async/async.d.ts-e9be9177f6ef097329e080c70010f81dab08bf4d",
      "solved": true,
      "commit": {
        "commitSha": "e9be9177f6ef097329e080c70010f81dab08bf4d"
      },
      "blobSha": "25736941fe8de2b32cd354004c3737892b74acf4",
      "dependencies": []
    }
  },
  "removed": {},
  "skipped": {}
}