{
  "written": {
    "bootstrap/bootstrap.d.ts": {
      "path": "bootstrap/bootstrap.d.ts",
      "key": "bootstrap/bootstrap.d.ts-e9be9177f6ef097329e080c70010f81dab08bf4d",
      "solved": true,
      "commit": {
        "commitSha": "e9be9177f6ef097329e080c70010f81dab08bf4d"
      },
      "blobSha": "b9fe9cd59728baa3934a454c7bd979a46270b0bd",
      "dependencies": [
        {
          "path": "jquery/jquery.d.ts",
          "project": "jquery",
          "name": "jquery"
        }
      ]
    },
    "jquery/jquery.d.ts": {
      "path": "jquery/jquery.d.ts",
      "key": "jquery/jquery.d.ts-e9be9177f6ef097329e080c70010f81dab08bf4d",
      "solved": true,
      "commit": {
        "commitSha": "e9be9177f6ef097329e080c70010f81dab08bf4d"
      },
      "blobSha": "6fff3fab622f37113f0d11da82c1cfc5045219ae",
      "dependencies": []
    }
  },
  "removed": {},
  "skipped": {}
}