{
  "selection": [
    {
      "path": "async/async.d.ts",
      "key": "async/async.d.ts-0545e0567d242abcd295a63babb86c88e7d9911d",
      "solved": false,
      "blobSha": "25736941fe8de2b32cd354004c3737892b74acf4",
      "commit": {
        "commitSha": "0545e0567d242abcd295a63babb86c88e7d9911d",
        "hubAuthor": {
          "id": 874898,
          "login": "basarat",
          "avatar_url": "https://avatars.githubusercontent.com/u/874898?"
        },
        "hubCommitter": {
          "id": 874898,
          "login": "basarat",
          "avatar_url": "https://avatars.githubusercontent.com/u/874898?"
        },
        "gitAuthor": {
          "name": "Basarat Ali Syed",
          "email": "basaratali@gmail.com",
          "date": "2014-06-21T03:48:54.000Z"
        },
        "gitCommitter": {
          "name": "Basarat Ali Syed",
          "email": "basaratali@gmail.com",
          "date": "2014-06-21T03:48:54.000Z"
        }
      },
      "info": {
        "name": "Async",
        "version": "0.1.23",
        "projects": [
          "https://github.com/caolan/async"
        ],
        "references": [],
        "authors": [
          {
            "name": "Boris Yankov",
            "url": "https://github.com/borisyankov",
            "email": null
          }
        ]
      },
      "dependencies": []
    }
  ],
  "definitions": [
    {
      "path": "async/async.d.ts",
      "project": "async",
      "name": "async",
      "semver": null,
      "label": "async/async",
      "isMain": true,
      "isLegacy": false,
      "head": {
        "path": "async/async.d.ts",
        "key": "async/async.d.ts-0545e0567d242abcd295a63babb86c88e7d9911d",
        "solved": false,
        "blobSha": "25736941fe8de2b32cd354004c3737892b74acf4",
        "commit": {
          "commitSha": "0545e0567d242abcd295a63babb86c88e7d9911d",
          "hubAuthor": {
            "id": 874898,
            "login": "basarat",
            "avatar_url": "https://avatars.githubusercontent.com/u/874898?"
          },
          "hubCommitter": {
            "id": 874898,
            "login": "basarat",
            "avatar_url": "https://avatars.githubusercontent.com/u/874898?"
          },
          "gitAuthor": {
            "name": "Basarat Ali Syed",
            "email": "basaratali@gmail.com",
            "date": "2014-06-21T03:48:54.000Z"
          },
          "gitCommitter": {
            "name": "Basarat Ali Syed",
            "email": "basaratali@gmail.com",
            "date": "2014-06-21T03:48:54.000Z"
          }
        },
        "info": {
          "name": "Async",
          "version": "0.1.23",
          "projects": [
            "https://github.com/caolan/async"
          ],
          "references": [],
          "authors": [
            {
              "name": "Boris Yankov",
              "url": "https://github.com/borisyankov",
              "email": null
            }
          ]
        },
        "dependencies": []
      },
      "history": []
    }
  ]
}