{
  "selection": [
    {
      "path": "angularjs/legacy/angular-cookies-1.0.d.ts",
      "key": "angularjs/legacy/angular-cookies-1.0.d.ts-e9be9177f6ef097329e080c70010f81dab08bf4d",
      "solved": false,
      "blobSha": "b451dc431d12352b0494884ac299212da76b7b8e",
      "commit": {
        "commitSha": "e9be9177f6ef097329e080c70010f81dab08bf4d"
      },
      "dependencies": []
    },
    {
      "path": "angularjs/legacy/angular-mocks-1.0.d.ts",
      "key": "angularjs/legacy/angular-mocks-1.0.d.ts-e9be9177f6ef097329e080c70010f81dab08bf4d",
      "solved": false,
      "blobSha": "56f78092aefd51474bd5c988682e58aaf954ee0f",
      "commit": {
        "commitSha": "e9be9177f6ef097329e080c70010f81dab08bf4d"
      },
      "dependencies": []
    },
    {
      "path": "angularjs/legacy/angular-resource-1.0.d.ts",
      "key": "angularjs/legacy/angular-resource-1.0.d.ts-e9be9177f6ef097329e080c70010f81dab08bf4d",
      "solved": false,
      "blobSha": "82537928b15182aeae934540694d5bf27ed04a43",
      "commit": {
        "commitSha": "e9be9177f6ef097329e080c70010f81dab08bf4d"
      },
      "dependencies": []
    },
    {
      "path": "angularjs/legacy/angular-sanitize-1.0.d.ts",
      "key": "angularjs/legacy/angular-sanitize-1.0.d.ts-e9be9177f6ef097329e080c70010f81dab08bf4d",
      "solved": false,
      "blobSha": "4d9fc4c6a528795a773eca5461779a187d262cf4",
      "commit": {
        "commitSha": "e9be9177f6ef097329e080c70010f81dab08bf4d"
      },
      "dependencies": []
    },
    {
      "path": "angularjs/legacy/angular-scenario-1.0.d.ts",
      "key": "angularjs/legacy/angular-scenario-1.0.d.ts-e9be9177f6ef097329e080c70010f81dab08bf4d",
      "solved": false,
      "blobSha": "8dd605f7d8d8a966f15524c368baed80e044e81a",
      "commit": {
        "commitSha": "e9be9177f6ef097329e080c70010f81dab08bf4d"
      },
      "dependencies": []
    },
    {
      "path": "angularjs/legacy/angular-1.0.d.ts",
      "key": "angularjs/legacy/angular-1.0.d.ts-e9be9177f6ef097329e080c70010f81dab08bf4d",
      "solved": false,
      "blobSha": "be38898dbe709b6a99d921cdfad330a4d6f99c4a",
      "commit": {
        "commitSha": "e9be9177f6ef097329e080c70010f81dab08bf4d"
      },
      "dependencies": []
    }
  ],
  "definitions": [
    {
      "path": "angularjs/legacy/angular-cookies-1.0.d.ts",
      "project": "angularjs",
      "name": "angular-cookies",
      "semver": "1.0.0",
      "label": "angularjs/angular-cookies-v1.0.0",
      "isMain": true,
      "isLegacy": true,
      "head": {
        "path": "angularjs/legacy/angular-cookies-1.0.d.ts",
        "key": "angularjs/legacy/angular-cookies-1.0.d.ts-e9be9177f6ef097329e080c70010f81dab08bf4d",
        "solved": false,
        "blobSha": "b451dc431d12352b0494884ac299212da76b7b8e"
      },
      "history": []
    },
    {
      "path": "angularjs/legacy/angular-mocks-1.0.d.ts",
      "project": "angularjs",
      "name": "angular-mocks",
      "semver": "1.0.0",
      "label": "angularjs/angular-mocks-v1.0.0",
      "isMain": true,
      "isLegacy": true,
      "head": {
        "path": "angularjs/legacy/angular-mocks-1.0.d.ts",
        "key": "angularjs/legacy/angular-mocks-1.0.d.ts-e9be9177f6ef097329e080c70010f81dab08bf4d",
        "solved": false,
        "blobSha": "56f78092aefd51474bd5c988682e58aaf954ee0f"
      },
      "history": []
    },
    {
      "path": "angularjs/legacy/angular-resource-1.0.d.ts",
      "project": "angularjs",
      "name": "angular-resource",
      "semver": "1.0.0",
      "label": "angularjs/angular-resource-v1.0.0",
      "isMain": true,
      "isLegacy": true,
      "head": {
        "path": "angularjs/legacy/angular-resource-1.0.d.ts",
        "key": "angularjs/legacy/angular-resource-1.0.d.ts-e9be9177f6ef097329e080c70010f81dab08bf4d",
        "solved": false,
        "blobSha": "82537928b15182aeae934540694d5bf27ed04a43"
      },
      "history": []
    },
    {
      "path": "angularjs/legacy/angular-sanitize-1.0.d.ts",
      "project": "angularjs",
      "name": "angular-sanitize",
      "semver": "1.0.0",
      "label": "angularjs/angular-sanitize-v1.0.0",
      "isMain": true,
      "isLegacy": true,
      "head": {
        "path": "angularjs/legacy/angular-sanitize-1.0.d.ts",
        "key": "angularjs/legacy/angular-sanitize-1.0.d.ts-e9be9177f6ef097329e080c70010f81dab08bf4d",
        "solved": false,
        "blobSha": "4d9fc4c6a528795a773eca5461779a187d262cf4"
      },
      "history": []
    },
    {
      "path": "angularjs/legacy/angular-scenario-1.0.d.ts",
      "project": "angularjs",
      "name": "angular-scenario",
      "semver": "1.0.0",
      "label": "angularjs/angular-scenario-v1.0.0",
      "isMain": true,
      "isLegacy": true,
      "head": {
        "path": "angularjs/legacy/angular-scenario-1.0.d.ts",
        "key": "angularjs/legacy/angular-scenario-1.0.d.ts-e9be9177f6ef097329e080c70010f81dab08bf4d",
        "solved": false,
        "blobSha": "8dd605f7d8d8a966f15524c368baed80e044e81a"
      },
      "history": []
    },
    {
      "path": "angularjs/legacy/angular-1.0.d.ts",
      "project": "angularjs",
      "name": "angular",
      "semver": "1.0.0",
      "label": "angularjs/angular-v1.0.0",
      "isMain": true,
      "isLegacy": true,
      "head": {
        "path": "angularjs/legacy/angular-1.0.d.ts",
        "key": "angularjs/legacy/angular-1.0.d.ts-e9be9177f6ef097329e080c70010f81dab08bf4d",
        "solved": false,
        "blobSha": "be38898dbe709b6a99d921cdfad330a4d6f99c4a"
      },
      "history": []
    }
  ]
}